/mount/studenten-temp1/users/singhsk/thesis/thesis/gfn-lm-tuning/gfn/lib64/python3.11/site-packages/huggingface_hub/file_download.py:949: FutureWarning: `resume_download` is deprecated and will be removed in version 1.0.0. Downloads always resume when possible. If you want to force a new download, use `force_download=True`.
  warnings.warn(
[gprime] loaded models + 300 held-out SST-2 prompts (shard 0: 34) in 14.9s
/mount/studenten-temp1/users/singhsk/thesis/thesis/Score-Entropy-Discrete-Diffusion/model/utils.py:44: FutureWarning: `torch.cuda.amp.autocast(args...)` is deprecated. Please use `torch.amp.autocast('cuda', args...)` instead.
  with torch.cuda.amp.autocast(dtype=torch.bfloat16):
/mount/studenten-temp1/users/singhsk/thesis/thesis/Score-Entropy-Discrete-Diffusion/model/transformer.py:286: FutureWarning: `torch.cuda.amp.autocast(args...)` is deprecated. Please use `torch.amp.autocast('cuda', args...)` instead.
  with torch.cuda.amp.autocast(dtype=torch.bfloat16):
/mount/studenten-temp1/users/singhsk/thesis/thesis/Score-Entropy-Discrete-Diffusion/model/transformer.py:45: FutureWarning: `torch.cuda.amp.autocast(args...)` is deprecated. Please use `torch.amp.autocast('cuda', args...)` instead.
  with torch.cuda.amp.autocast(enabled=False):
/mount/studenten-temp1/users/singhsk/thesis/thesis/Score-Entropy-Discrete-Diffusion/model/transformer.py:176: FutureWarning: `torch.cuda.amp.autocast(args...)` is deprecated. Please use `torch.amp.autocast('cuda', args...)` instead.
  with torch.cuda.amp.autocast(enabled=False):
[gprime shard0] prompt 0 done (0.5m)
[gprime shard0] prompt 9 done (0.6m)
[gprime shard0] prompt 18 done (0.8m)
[gprime shard0] prompt 27 done (1.0m)
[gprime shard0] prompt 36 done (1.2m)
[gprime shard0] prompt 45 done (1.4m)
[gprime shard0] prompt 54 done (1.6m)
[gprime shard0] prompt 63 done (1.8m)
[gprime shard0] prompt 72 done (1.9m)
[gprime shard0] prompt 81 done (2.1m)
[gprime shard0] prompt 90 done (2.3m)
[gprime shard0] prompt 99 done (2.5m)
[gprime shard0] prompt 108 done (2.7m)
[gprime shard0] prompt 117 done (2.9m)
[gprime shard0] prompt 126 done (3.0m)
[gprime shard0] prompt 135 done (3.2m)
[gprime shard0] prompt 144 done (3.4m)
[gprime shard0] prompt 153 done (3.6m)
[gprime shard0] prompt 162 done (3.8m)
[gprime shard0] prompt 171 done (4.0m)
[gprime shard0] prompt 180 done (4.2m)
[gprime shard0] prompt 189 done (4.4m)
[gprime shard0] prompt 198 done (4.5m)
[gprime shard0] prompt 207 done (4.7m)
[gprime shard0] prompt 216 done (4.9m)
[gprime shard0] prompt 225 done (5.1m)
[gprime shard0] prompt 234 done (5.3m)
[gprime shard0] prompt 243 done (5.5m)
[gprime shard0] prompt 252 done (5.7m)
[gprime shard0] prompt 261 done (5.8m)
[gprime shard0] prompt 270 done (6.0m)
[gprime shard0] prompt 279 done (6.2m)
[gprime shard0] prompt 288 done (6.4m)
[gprime shard0] prompt 297 done (6.6m)
[done] results_revision/rev_gprime_medium.shard0of9.json (6.6 min); mean_eligible=29.35 frac_le1=0.017
