/mount/studenten-temp1/users/singhsk/thesis/thesis/gfn-lm-tuning/gfn/lib64/python3.11/site-packages/huggingface_hub/file_download.py:949: FutureWarning: `resume_download` is deprecated and will be removed in version 1.0.0. Downloads always resume when possible. If you want to force a new download, use `force_download=True`.
  warnings.warn(
[gprime] loaded models + 300 held-out SST-2 prompts (shard 8: 33) in 17.1s
/mount/studenten-temp1/users/singhsk/thesis/thesis/Score-Entropy-Discrete-Diffusion/model/utils.py:44: FutureWarning: `torch.cuda.amp.autocast(args...)` is deprecated. Please use `torch.amp.autocast('cuda', args...)` instead.
  with torch.cuda.amp.autocast(dtype=torch.bfloat16):
/mount/studenten-temp1/users/singhsk/thesis/thesis/Score-Entropy-Discrete-Diffusion/model/transformer.py:286: FutureWarning: `torch.cuda.amp.autocast(args...)` is deprecated. Please use `torch.amp.autocast('cuda', args...)` instead.
  with torch.cuda.amp.autocast(dtype=torch.bfloat16):
/mount/studenten-temp1/users/singhsk/thesis/thesis/Score-Entropy-Discrete-Diffusion/model/transformer.py:45: FutureWarning: `torch.cuda.amp.autocast(args...)` is deprecated. Please use `torch.amp.autocast('cuda', args...)` instead.
  with torch.cuda.amp.autocast(enabled=False):
/mount/studenten-temp1/users/singhsk/thesis/thesis/Score-Entropy-Discrete-Diffusion/model/transformer.py:176: FutureWarning: `torch.cuda.amp.autocast(args...)` is deprecated. Please use `torch.amp.autocast('cuda', args...)` instead.
  with torch.cuda.amp.autocast(enabled=False):
[gprime shard8] prompt 8 done (0.5m)
[gprime shard8] prompt 17 done (0.7m)
[gprime shard8] prompt 26 done (0.9m)
[gprime shard8] prompt 35 done (1.1m)
[gprime shard8] prompt 44 done (1.2m)
[gprime shard8] prompt 53 done (1.4m)
[gprime shard8] prompt 62 done (1.6m)
[gprime shard8] prompt 71 done (1.8m)
[gprime shard8] prompt 80 done (2.0m)
[gprime shard8] prompt 89 done (2.2m)
[gprime shard8] prompt 98 done (2.4m)
[gprime shard8] prompt 107 done (2.6m)
[gprime shard8] prompt 116 done (2.8m)
[gprime shard8] prompt 125 done (2.9m)
[gprime shard8] prompt 134 done (3.1m)
[gprime shard8] prompt 143 done (3.3m)
[gprime shard8] prompt 152 done (3.5m)
[gprime shard8] prompt 161 done (3.7m)
[gprime shard8] prompt 170 done (3.9m)
[gprime shard8] prompt 179 done (4.1m)
[gprime shard8] prompt 188 done (4.3m)
[gprime shard8] prompt 197 done (4.5m)
[gprime shard8] prompt 206 done (4.7m)
[gprime shard8] prompt 215 done (4.8m)
[gprime shard8] prompt 224 done (5.0m)
[gprime shard8] prompt 233 done (5.2m)
[gprime shard8] prompt 242 done (5.4m)
[gprime shard8] prompt 251 done (5.6m)
[gprime shard8] prompt 260 done (5.8m)
[gprime shard8] prompt 269 done (6.0m)
[gprime shard8] prompt 278 done (6.2m)
[gprime shard8] prompt 287 done (6.4m)
[gprime shard8] prompt 296 done (6.5m)
[done] results_revision/rev_gprime_medium.shard8of9.json (6.5 min); mean_eligible=28.45 frac_le1=0.028
