/mount/studenten-temp1/users/singhsk/thesis/thesis/gfn-lm-tuning/gfn/lib64/python3.11/site-packages/huggingface_hub/file_download.py:949: FutureWarning: `resume_download` is deprecated and will be removed in version 1.0.0. Downloads always resume when possible. If you want to force a new download, use `force_download=True`.
  warnings.warn(
[gprime] loaded models + 300 held-out SST-2 prompts (shard 5: 33) in 20.3s
/mount/studenten-temp1/users/singhsk/thesis/thesis/Score-Entropy-Discrete-Diffusion/model/utils.py:44: FutureWarning: `torch.cuda.amp.autocast(args...)` is deprecated. Please use `torch.amp.autocast('cuda', args...)` instead.
  with torch.cuda.amp.autocast(dtype=torch.bfloat16):
/mount/studenten-temp1/users/singhsk/thesis/thesis/Score-Entropy-Discrete-Diffusion/model/transformer.py:286: FutureWarning: `torch.cuda.amp.autocast(args...)` is deprecated. Please use `torch.amp.autocast('cuda', args...)` instead.
  with torch.cuda.amp.autocast(dtype=torch.bfloat16):
/mount/studenten-temp1/users/singhsk/thesis/thesis/Score-Entropy-Discrete-Diffusion/model/transformer.py:45: FutureWarning: `torch.cuda.amp.autocast(args...)` is deprecated. Please use `torch.amp.autocast('cuda', args...)` instead.
  with torch.cuda.amp.autocast(enabled=False):
/mount/studenten-temp1/users/singhsk/thesis/thesis/Score-Entropy-Discrete-Diffusion/model/transformer.py:176: FutureWarning: `torch.cuda.amp.autocast(args...)` is deprecated. Please use `torch.amp.autocast('cuda', args...)` instead.
  with torch.cuda.amp.autocast(enabled=False):
[gprime shard5] prompt 5 done (0.6m)
[gprime shard5] prompt 14 done (0.7m)
[gprime shard5] prompt 23 done (0.9m)
[gprime shard5] prompt 32 done (1.1m)
[gprime shard5] prompt 41 done (1.3m)
[gprime shard5] prompt 50 done (1.5m)
[gprime shard5] prompt 59 done (1.7m)
[gprime shard5] prompt 68 done (1.9m)
[gprime shard5] prompt 77 done (2.1m)
[gprime shard5] prompt 86 done (2.2m)
[gprime shard5] prompt 95 done (2.4m)
[gprime shard5] prompt 104 done (2.6m)
[gprime shard5] prompt 113 done (2.8m)
[gprime shard5] prompt 122 done (3.0m)
[gprime shard5] prompt 131 done (3.2m)
[gprime shard5] prompt 140 done (3.4m)
[gprime shard5] prompt 149 done (3.6m)
[gprime shard5] prompt 158 done (3.7m)
[gprime shard5] prompt 167 done (3.9m)
[gprime shard5] prompt 176 done (4.1m)
[gprime shard5] prompt 185 done (4.3m)
[gprime shard5] prompt 194 done (4.5m)
[gprime shard5] prompt 203 done (4.7m)
[gprime shard5] prompt 212 done (4.9m)
[gprime shard5] prompt 221 done (5.1m)
[gprime shard5] prompt 230 done (5.2m)
[gprime shard5] prompt 239 done (5.4m)
[gprime shard5] prompt 248 done (5.6m)
[gprime shard5] prompt 257 done (5.8m)
[gprime shard5] prompt 266 done (6.0m)
[gprime shard5] prompt 275 done (6.2m)
[gprime shard5] prompt 284 done (6.4m)
[gprime shard5] prompt 293 done (6.6m)
[done] results_revision/rev_gprime_medium.shard5of9.json (6.6 min); mean_eligible=28.68 frac_le1=0.023
