/mount/studenten-temp1/users/singhsk/thesis/thesis/gfn-lm-tuning/gfn/lib64/python3.11/site-packages/huggingface_hub/file_download.py:949: FutureWarning: `resume_download` is deprecated and will be removed in version 1.0.0. Downloads always resume when possible. If you want to force a new download, use `force_download=True`.
  warnings.warn(
[gprime] loaded models + 300 held-out SST-2 prompts (shard 4: 33) in 15.7s
/mount/studenten-temp1/users/singhsk/thesis/thesis/Score-Entropy-Discrete-Diffusion/model/utils.py:44: FutureWarning: `torch.cuda.amp.autocast(args...)` is deprecated. Please use `torch.amp.autocast('cuda', args...)` instead.
  with torch.cuda.amp.autocast(dtype=torch.bfloat16):
/mount/studenten-temp1/users/singhsk/thesis/thesis/Score-Entropy-Discrete-Diffusion/model/transformer.py:286: FutureWarning: `torch.cuda.amp.autocast(args...)` is deprecated. Please use `torch.amp.autocast('cuda', args...)` instead.
  with torch.cuda.amp.autocast(dtype=torch.bfloat16):
/mount/studenten-temp1/users/singhsk/thesis/thesis/Score-Entropy-Discrete-Diffusion/model/transformer.py:45: FutureWarning: `torch.cuda.amp.autocast(args...)` is deprecated. Please use `torch.amp.autocast('cuda', args...)` instead.
  with torch.cuda.amp.autocast(enabled=False):
/mount/studenten-temp1/users/singhsk/thesis/thesis/Score-Entropy-Discrete-Diffusion/model/transformer.py:176: FutureWarning: `torch.cuda.amp.autocast(args...)` is deprecated. Please use `torch.amp.autocast('cuda', args...)` instead.
  with torch.cuda.amp.autocast(enabled=False):
[gprime shard4] prompt 4 done (0.5m)
[gprime shard4] prompt 13 done (0.7m)
[gprime shard4] prompt 22 done (0.8m)
[gprime shard4] prompt 31 done (1.0m)
[gprime shard4] prompt 40 done (1.2m)
[gprime shard4] prompt 49 done (1.4m)
[gprime shard4] prompt 58 done (1.6m)
[gprime shard4] prompt 67 done (1.8m)
[gprime shard4] prompt 76 done (1.9m)
[gprime shard4] prompt 85 done (2.1m)
[gprime shard4] prompt 94 done (2.3m)
[gprime shard4] prompt 103 done (2.5m)
[gprime shard4] prompt 112 done (2.7m)
[gprime shard4] prompt 121 done (2.9m)
[gprime shard4] prompt 130 done (3.0m)
[gprime shard4] prompt 139 done (3.2m)
[gprime shard4] prompt 148 done (3.4m)
[gprime shard4] prompt 157 done (3.6m)
[gprime shard4] prompt 166 done (3.8m)
[gprime shard4] prompt 175 done (4.0m)
[gprime shard4] prompt 184 done (4.2m)
[gprime shard4] prompt 193 done (4.3m)
[gprime shard4] prompt 202 done (4.5m)
[gprime shard4] prompt 211 done (4.7m)
[gprime shard4] prompt 220 done (4.9m)
[gprime shard4] prompt 229 done (5.1m)
[gprime shard4] prompt 238 done (5.3m)
[gprime shard4] prompt 247 done (5.4m)
[gprime shard4] prompt 256 done (5.6m)
[gprime shard4] prompt 265 done (5.8m)
[gprime shard4] prompt 274 done (6.0m)
[gprime shard4] prompt 283 done (6.2m)
[gprime shard4] prompt 292 done (6.4m)
[done] results_revision/rev_gprime_medium.shard4of9.json (6.4 min); mean_eligible=28.26 frac_le1=0.026
