/mount/studenten-temp1/users/singhsk/thesis/thesis/gfn-lm-tuning/gfn/lib64/python3.11/site-packages/huggingface_hub/file_download.py:949: FutureWarning: `resume_download` is deprecated and will be removed in version 1.0.0. Downloads always resume when possible. If you want to force a new download, use `force_download=True`.
  warnings.warn(
[gprime] loaded models + 300 held-out SST-2 prompts (shard 1: 34) in 18.0s
/mount/studenten-temp1/users/singhsk/thesis/thesis/Score-Entropy-Discrete-Diffusion/model/utils.py:44: FutureWarning: `torch.cuda.amp.autocast(args...)` is deprecated. Please use `torch.amp.autocast('cuda', args...)` instead.
  with torch.cuda.amp.autocast(dtype=torch.bfloat16):
/mount/studenten-temp1/users/singhsk/thesis/thesis/Score-Entropy-Discrete-Diffusion/model/transformer.py:286: FutureWarning: `torch.cuda.amp.autocast(args...)` is deprecated. Please use `torch.amp.autocast('cuda', args...)` instead.
  with torch.cuda.amp.autocast(dtype=torch.bfloat16):
/mount/studenten-temp1/users/singhsk/thesis/thesis/Score-Entropy-Discrete-Diffusion/model/transformer.py:45: FutureWarning: `torch.cuda.amp.autocast(args...)` is deprecated. Please use `torch.amp.autocast('cuda', args...)` instead.
  with torch.cuda.amp.autocast(enabled=False):
/mount/studenten-temp1/users/singhsk/thesis/thesis/Score-Entropy-Discrete-Diffusion/model/transformer.py:176: FutureWarning: `torch.cuda.amp.autocast(args...)` is deprecated. Please use `torch.amp.autocast('cuda', args...)` instead.
  with torch.cuda.amp.autocast(enabled=False):
[gprime shard1] prompt 1 done (0.5m)
[gprime shard1] prompt 10 done (0.7m)
[gprime shard1] prompt 19 done (0.9m)
[gprime shard1] prompt 28 done (1.1m)
[gprime shard1] prompt 37 done (1.3m)
[gprime shard1] prompt 46 done (1.5m)
[gprime shard1] prompt 55 done (1.7m)
[gprime shard1] prompt 64 done (1.8m)
[gprime shard1] prompt 73 done (2.0m)
[gprime shard1] prompt 82 done (2.2m)
[gprime shard1] prompt 91 done (2.4m)
[gprime shard1] prompt 100 done (2.6m)
[gprime shard1] prompt 109 done (2.8m)
[gprime shard1] prompt 118 done (3.0m)
[gprime shard1] prompt 127 done (3.2m)
[gprime shard1] prompt 136 done (3.3m)
[gprime shard1] prompt 145 done (3.5m)
[gprime shard1] prompt 154 done (3.7m)
[gprime shard1] prompt 163 done (3.9m)
[gprime shard1] prompt 172 done (4.1m)
[gprime shard1] prompt 181 done (4.3m)
[gprime shard1] prompt 190 done (4.4m)
[gprime shard1] prompt 199 done (4.6m)
[gprime shard1] prompt 208 done (4.8m)
[gprime shard1] prompt 217 done (5.0m)
[gprime shard1] prompt 226 done (5.2m)
[gprime shard1] prompt 235 done (5.4m)
[gprime shard1] prompt 244 done (5.6m)
[gprime shard1] prompt 253 done (5.8m)
[gprime shard1] prompt 262 done (6.0m)
[gprime shard1] prompt 271 done (6.1m)
[gprime shard1] prompt 280 done (6.3m)
[gprime shard1] prompt 289 done (6.5m)
[gprime shard1] prompt 298 done (6.7m)
[done] results_revision/rev_gprime_medium.shard1of9.json (6.7 min); mean_eligible=29.29 frac_le1=0.018
