/mount/studenten-temp1/users/singhsk/thesis/thesis/gfn-lm-tuning/gfn/lib64/python3.11/site-packages/huggingface_hub/file_download.py:949: FutureWarning: `resume_download` is deprecated and will be removed in version 1.0.0. Downloads always resume when possible. If you want to force a new download, use `force_download=True`.
  warnings.warn(
[gprime] loaded models + 300 held-out SST-2 prompts (shard 2: 34) in 19.9s
/mount/studenten-temp1/users/singhsk/thesis/thesis/Score-Entropy-Discrete-Diffusion/model/utils.py:44: FutureWarning: `torch.cuda.amp.autocast(args...)` is deprecated. Please use `torch.amp.autocast('cuda', args...)` instead.
  with torch.cuda.amp.autocast(dtype=torch.bfloat16):
/mount/studenten-temp1/users/singhsk/thesis/thesis/Score-Entropy-Discrete-Diffusion/model/transformer.py:286: FutureWarning: `torch.cuda.amp.autocast(args...)` is deprecated. Please use `torch.amp.autocast('cuda', args...)` instead.
  with torch.cuda.amp.autocast(dtype=torch.bfloat16):
/mount/studenten-temp1/users/singhsk/thesis/thesis/Score-Entropy-Discrete-Diffusion/model/transformer.py:45: FutureWarning: `torch.cuda.amp.autocast(args...)` is deprecated. Please use `torch.amp.autocast('cuda', args...)` instead.
  with torch.cuda.amp.autocast(enabled=False):
/mount/studenten-temp1/users/singhsk/thesis/thesis/Score-Entropy-Discrete-Diffusion/model/transformer.py:176: FutureWarning: `torch.cuda.amp.autocast(args...)` is deprecated. Please use `torch.amp.autocast('cuda', args...)` instead.
  with torch.cuda.amp.autocast(enabled=False):
[gprime shard2] prompt 2 done (0.5m)
[gprime shard2] prompt 11 done (0.7m)
[gprime shard2] prompt 20 done (0.9m)
[gprime shard2] prompt 29 done (1.1m)
[gprime shard2] prompt 38 done (1.3m)
[gprime shard2] prompt 47 done (1.5m)
[gprime shard2] prompt 56 done (1.7m)
[gprime shard2] prompt 65 done (1.8m)
[gprime shard2] prompt 74 done (2.0m)
[gprime shard2] prompt 83 done (2.2m)
[gprime shard2] prompt 92 done (2.4m)
[gprime shard2] prompt 101 done (2.6m)
[gprime shard2] prompt 110 done (2.8m)
[gprime shard2] prompt 119 done (3.0m)
[gprime shard2] prompt 128 done (3.1m)
[gprime shard2] prompt 137 done (3.3m)
[gprime shard2] prompt 146 done (3.5m)
[gprime shard2] prompt 155 done (3.7m)
[gprime shard2] prompt 164 done (3.9m)
[gprime shard2] prompt 173 done (4.1m)
[gprime shard2] prompt 182 done (4.2m)
[gprime shard2] prompt 191 done (4.4m)
[gprime shard2] prompt 200 done (4.6m)
[gprime shard2] prompt 209 done (4.8m)
[gprime shard2] prompt 218 done (5.0m)
[gprime shard2] prompt 227 done (5.2m)
[gprime shard2] prompt 236 done (5.4m)
[gprime shard2] prompt 245 done (5.6m)
[gprime shard2] prompt 254 done (5.7m)
[gprime shard2] prompt 263 done (5.9m)
[gprime shard2] prompt 272 done (6.1m)
[gprime shard2] prompt 281 done (6.3m)
[gprime shard2] prompt 290 done (6.5m)
[gprime shard2] prompt 299 done (6.7m)
[done] results_revision/rev_gprime_medium.shard2of9.json (6.7 min); mean_eligible=28.46 frac_le1=0.027
